// Vitest Snapshot v1, https://vitest.dev/guide/snapshot.html

exports[`main > eslint integration > should raise diagnostics 1`] = `
[
  {
    "column": 1,
    "endColumn": 5,
    "endLine": 1,
    "line": 1,
    "message": "Empty mapping value is not allowed.",
    "messageId": "emptyMappingValue",
    "nodeType": "Pair",
    "ruleId": "yaml/no-empty-mapping-value",
    "severity": 2,
  },
]
`;

exports[`main > should correctly set recommended config 1`] = `
{
  "yaml/block-mapping-colon-indicator-newline": "error",
  "yaml/no-empty-mapping-value": "error",
}
`;
